CCTV-1#mms://2008.live.cctv.com/live_cctv1    #CCTV
CCTV-2#mms://2008.live.cctv.com/live_cctv2   #CCTV
CCTV-4#mms://2008.live.cctv.com/live_cctv4 #CCTV
CCTV-7#mms://2008.live.cctv.com/live_cctv7  #CCTV
CCTV-新闻#mms://2008.live.cctv.com/live_cctvnews #新闻


中天新闻台#mms://ctinews.apbb.com.tw/cti_news #新闻


翡翠台#mms://tv.pbps.edu.hk/pbpslive #港澳台


华视#mms://wmslive.media.hinet.net/Weblive_cts_600 #港澳台
华视 #mms://wmslive.media.hinet.net/Weblive_cts_1200 #港澳台
Bloomberg#mms://wmslive.media.hinet.net/Weblive_Bloomberg_600 #港澳台
Bloomberg#mms://wmslive.media.hinet.net/Weblive_Bloomberg_1200 #港澳台


凤凰卫视资讯台#mms://221.2.138.90/fenghuang #新闻
凤凰卫视资讯台#mms://221.2.138.93/fenghuang #港澳台




凤凰中文#mms://61.236.93.37/litv01 #港澳台
[V]音乐台#mms://61.236.93.37/litv02 #音乐
凤凰资讯#mms://61.236.93.37/litv03 #港澳台
阳光卫视#mms://61.236.93.37/litv04 #港澳台
TVB8#mms://61.236.93.37/litv05 #港澳台
星空卫视#mms://61.236.93.37/litv06 #港澳台
东风卫视#mms://61.236.93.37/litv07 #港澳台
中国教育电视台#mms://61.236.93.37/litv08 #港澳台
湖南卫视#mms://61.236.93.37/litv09 #卫视
CCTV-5#mms://61.236.93.37/litv10 #CCTV
CCTV-9#mms://61.236.93.37/litv11 #CCTV
香港新知台#mms://61.236.93.37/litv12 #港澳台
华娱卫视#mms://61.236.93.37/litv13 #港澳台
香港NOW宽频#mms://61.236.93.37/litv14 #港澳台
CCTV-10#mms://61.236.93.37/litv15 #CCTV
CCTV-4#mms://61.236.93.37/litv16 #CCTV
CCTV-2#mms://61.236.93.37/litv17 #CCTV



东方卫视#mms://live.smgbb.cn/dfws #测试
上海体育#mms://live.smgbb.cn/stv5 #测试
劲爆体育#mms://live.smgbb.cn/jbty #测试
东方电影#mms://live.smgbb.cn/dfdy #测试
上海电视剧#mms://live.smgbb.cn/dsj #测试
炫动卡通#mms://live.smgbb.cn/xdkt #测试
第一财经#mms://live.smgbb.cn/CBN #测试
生活时尚#mms://live.smgbb.cn/shss #测试
新闻综合#mms://live.smgbb.cn/xwzh #测试
ICS#mms://live.smgbb.cn/music #测试
纪实频道#mms://live.smgbb.cn/js #测试
娱乐频道#mms://live.smgbb.cn/xwyl #测试
哈哈少儿#mms://live.smgbb.cn/dfchild #测试
戏剧频道#mms://live.smgbb.cn/xj #测试
艺术人文#mms://live.smgbb.cn/wy #测试
电视剧轮播#mms://live.smgbb.cn/smgbbteleplay #测试
电影轮播#mms://live.smgbb.cn/24hour #测试

#test for new gmlive 
