cctv新闻	#mms://live.cctv.com/livenews #CCTV
精品影院	#mms://livemms.online2.sh.cn/JingPinYingYuan #中国
cctv1	#mms://live.cctv.com/live11 #CCTV
cctv1	#mms://61.177.180.147/cctv1 #CCTV
cctv2	#mms://live.cctv.com/live12 #CCTV
cctv3	#mms://live.cctv.com/live13 #CCTV
cctv4	#mms://live.cctv.com/live14 #CCTV
cctv5	#mms://live.cctv.com/live15 #CCTV
cctv5	#mms://61.139.37.135/cctv5  #CCTV
cctv6	#mms://live.cctv.com/live16 #CCTV
cctv7	#mms://live.cctv.com/live17 #CCTV
cctv8	#mms://live.cttv.com/live18 #CCTV
cctv9	#mms://live.cctv.com/live19 #CCTV
cctv10	#mms://live.cctv.com/live20 #CCTV
cctv11	#mms://live.cctv.com/live21 #CCTV
cctv12	#mms://live.cctv.com/live22 #CCTV

凤凰资讯 #mms://211.167.102.66/ch-01  #新频道
凤凰卫视 #mms://211.167.102.66/ch-02 #新频道
[V]音乐台 #mms://211.167.102.66/ch-03 #新频道
Bloomberg #mms://211.167.102.66/ch-04 #新频道
TVB8 #mms://211.167.102.66/ch-05 #新频道
华娱卫视 #mms://211.167.102.66/ch-06 #新频道
TVB星河 #mms://211.167.102.66/ch-07 #新频道
贺曼电影 #mms://211.167.102.66/ch-08 #新频道
FashionTV #mms://211.167.102.66/ch-09 #新频道
TVBS-G娱乐 #mms://211.167.102.66/ch-10 #新频道
Discovery #mms://211.167.102.66/ch-11 #新频道
东风卫视 #mms://211.167.102.66/ch-12 #新频道
东森综合 #mms://211.167.102.66/ch-13 #新频道
AXN台湾 #mms://211.167.102.66/ch-14 #新频道
东森娱乐 #mms://211.167.102.66/ch-15 #新频道
中天综合 #mms://211.167.102.66/ch-16 #新频道
中天娱乐 #mms://211.167.102.66/ch-17 #新频道
东森电影 #mms://211.167.102.66/ch-18 #新频道
国家地理 #mms://211.167.102.66/ch-19 #新频道
AXN香港 #mms://211.167.102.66/ch-20 #新频道

中国教育电视台	#mms://58.22.96.10/litv08 #中国
凤凰资讯	#mmst://221.2.138.93/fenghuang #中国
阳光卫视	#mms://61.139.37.135/ygws #中国
星空卫视	#mmst://221.2.138.93/xingkong #中国
星空卫视	#mms://61.139.37.135/star #中国
东风卫视	#mms://58.22.96.10/litv07 #中国
湖南卫视	#mms://58.22.96.10/litv09 #中国
华娱卫视	#mms://58.22.96.10/litv13 #中国
华娱卫视2	#mms://61.139.37.135/hyws #中国
NOW财经台	#mms://58.22.96.10/litv14 #中国
cctv4	#mms://58.22.96.10/litv16 #中国
体育	#mms://58.22.96.10/litv17 #中国
cctv2	#mms://58.22.96.10/litv18 #中国
tvb8	#mms://61.139.37.135/tvb8 #中国
香港新知	#mms://61.139.37.135/tvb8 #中国
东方卫视	#mms://61.139.37.135/dfws #中国
浙江	#mms://ztv7.zrtg.com:1095/ #中国
南京-新闻频道	#mms://live.njbg.com.cn:88/NJTV01 #中国
南京-18	#mms://live.njbg.com.cn:88/NJTV18 #中国
長春-综合频道	#mms://video.chinactv.com/ctv #中国
青岛电视台	#mms://movie.top86.com/qtv #中国
丽水电视台	#mms://202.96.114.251/lstv #中国
温州-新闻综合	#mms://202.107.219.58/wztv1 #中国
温州-经济生活	#mms://202.107.219.58/wztv2 #中国
潮州新闻综合	#mms://219.131.159.153/cztv1 #中国
常州新闻频道	#mms://vod1.cztv.tv/cztv1 #中国
常州都市频道	#mms://vod1.cztv.tv/cztv2 #中国
常州影视频道	#mms://vod1.cztv.tv/cztv3 #中国
深圳－1	#mms://211.148.197.132/sztv-1 #中国
深圳－2	#mms://211.148.197.132/sztv-2 #中国
深圳－3	#mms://211.148.197.132/sztv-3 #中国
深圳－4	#mms://211.148.197.132/sztv-4 #中国
深圳－5	#mms://211.148.197.132/sztv-5 #中国
深圳－6	#mms://211.148.197.132/sztv-6 #中国
北京IPTV	#mms://media.bjiptv.com/present #中国
四川－1	#mms://218.6.174.207/sctv1 #中国
四川－2	#mms://218.6.174.207/sctv2 #中国
四川－3	#mms://218.6.174.207/sctv3 #中国
四川－4	#mms://218.6.174.207/sctv4 #中国
四川－5	#mms://218.6.174.207/sctv5 #中国
四川－6	#mms://218.6.174.207/sctv6 #中国
四川－7	#mms://218.6.174.207/sctv7 #中国
四川－9	#mms://218.6.174.207/sctv9 #中国
好莱坞电影台  #mms://61.139.37.135 #美国
starmovies	#mms://61.139.37.135/starmovies #美国
迪斯尼卡通台	#mms://61.139.37.135/mydy #美国
美国-电影(MoviesOnDemand)	#mms://broadcast.ebahn.tv/MoviesOnDemand #美国
美国-eTv娱乐			#mms://broadcast.ebahn.tv/eTV #美国
美国-地球频道			#mms://broadcast.ebahn.tv/earthChannel #美国
美国-音乐		#mms://stream.nwez.net/nwez3  #美国
CN8		#mms://68.87.109.4/cn8winmedia        #美国
美国-Freespeech TV	#mms://209.90.224.6/scanlive?MSWMExt #.asf #美国

美国-Bloomberg 财经频道	#mms://media2.bloomberg.com/btv_US200.asf 	#美国

美国-ABC 新闻		#mms://a1729.l2168647534.c21686.g.lm.akamaistream.net/D/1729/21686/v0001/reflector:36819	#美国

美国-市场新闻	#mms://a457.l338722294.c33872.g.lm.akamaistream.net/D/457/33872/v0001/reflector:22947  #美国
美国-KTBS-3  #mms://a1729.l2168647534.c21686.g.lm.akamaistream.net/D/1729/21686/v0001/reflector:52009	#美国
法国-tele02		#mms://www.tele102.net/tele102	#国外
意大利-那不勒斯体育台		#mms://live.wm.p1.str3.com/000999_bc_v365_telecaprisport_mi  #国外
德国-N-tv       #mms://stream.n-tv.de/ntvlive		#国外
西班牙-马德里	#mms://ikunamedia-esmadrid400.wm.llnwd.net/ikunamedia_ESMadrid400?MSWMExt #.asf	#国外
