精品影院	#mms://livemms.online2.sh.cn/JingPinYingYuan ;中国
cctv新闻	#mms://live.cctv.com/livenews ;中国
cctv1	#mms://live.cctv.com/live11 ;中国
cctv1	#mms://61.177.180.147/cctv1 ;中国
cctv2	#mms://live.cctv.com/live12 ;中国
cctv3	#mms://live.cctv.com/live13 ;中国
cctv4	#mms://live.cctv.com/live14 ;中国
cctv5	#mms://live.cctv.com/live15 ;中国
cctv5	#mms://61.139.37.135/cctv5 ;中国
cctv6	#mms://live.cctv.com/live16 ;中国
cctv7	#mms://live.cctv.com/live17 ;中国
cctv8	#mms://live.cttv.com/live18 ;中国
cctv9	#mms://live.cctv.com/live19 ;中国
cctv10	#mms://live.cctv.com/live20 ;中国
cctv11	#mms://live.cctv.com/live21 ;中国
cctv12	#mms://live.cctv.com/live22 ;中国
凤凰资讯	#mmst://221.2.138.93/fenghuang ;中国
阳光卫视	#mms://61.139.37.135/ygws ;中国
星空卫视	#mmst://221.2.138.93/xingkong ;中国
星空卫视	#mms://61.139.37.135/star ;中国
东风卫视	#mms://58.22.96.10/litv07 ;中国
中国教育电视台	#mms://58.22.96.10/litv08 ;中国
湖南卫视	#mms://58.22.96.10/litv09 ;中国
华娱卫视	#mms://58.22.96.10/litv13 ;中国
华娱卫视	#mms://61.139.37.135/hyws ;中国
NOW财经台	#mms://58.22.96.10/litv14 ;中国
cctv4	#mms://58.22.96.10/litv16 ;中国
体育	#mms://58.22.96.10/litv17 ;中国
cctv2	#mms://58.22.96.10/litv18 ;中国
迪斯尼卡通台	#mms://61.139.37.135/mydy ;中国
迪斯尼卡通台	#mms://61.139.37.135/mydy ;中国
tvb8	#mms://61.139.37.135/tvb8 ;中国
香港新知	#mms://61.139.37.135/tvb8 ;中国
东方卫视	#mms://61.139.37.135/dfws ;中国
好莱坞电影台	#mms://61.139.37.135/starmovies ;中国
浙江	#mms://ztv7.zrtg.com:1095/ ;中国
南京>新闻频道	#mms://live.njbg.com.cn:88/NJTV01 ;中国
南京>18	#mms://live.njbg.com.cn:88/NJTV18 ;中国
温州>新闻综合	#mms://202.107.219.58/wztv1 ;中国
温州>经济生活	#mms://202.107.219.58/wztv2 ;中国
長春>综合频道	#mms://video.chinactv.com/ctv ;中国
青岛电视台	#mms://movie.top86.com/qtv ;中国
潮州新闻综合	#mms://219.131.159.153/cztv1 ;中国
常州新闻频道	#mms://vod1.cztv.tv/cztv1 ;中国
常州都市频道	#mms://vod1.cztv.tv/cztv2 ;中国
常州影视频道	#mms://vod1.cztv.tv/cztv3 ;中国
丽水电视台	#mms://202.96.114.251/lstv ;中国
深圳－1	#mms://211.148.197.132/sztv-1 ;中国
深圳－2	#mms://211.148.197.132/sztv-2 ;中国
深圳－3	#mms://211.148.197.132/sztv-3 ;中国
深圳－4	#mms://211.148.197.132/sztv-4 ;中国
深圳－5	#mms://211.148.197.132/sztv-5 ;中国
深圳－6	#mms://211.148.197.132/sztv-6 ;中国
北京IPTV	#mms://media.bjiptv.com/present ;中国
四川－1	#mms://218.6.174.207/sctv1 ;中国
四川－2	#mms://218.6.174.207/sctv2 ;中国
四川－3	#mms://218.6.174.207/sctv3 ;中国
四川－4	#mms://218.6.174.207/sctv4 ;中国
四川－5	#mms://218.6.174.207/sctv5 ;中国
四川－6	#mms://218.6.174.207/sctv6 ;中国
四川－7	#mms://218.6.174.207/sctv7 ;中国
四川－9	#mms://218.6.174.207/sctv9 ;中国
好莱坞电影台  #mms://61.139.37.135 ;美国
德国-N-tv       #mms://stream.n-tv.de/ntvlive ;德国
美国-电影(MoviesOnDemand)	#mms://broadcast.ebahn.tv/MoviesOnDemand ;美国
美国-e-Tv娱乐			#mms://broadcast.ebahn.tv/eTV ;美国
美国-地球频道			#mms://broadcast.ebahn.tv/earthChannel ;美国
